// Jest Snapshot v1, https://goo.gl/fbAQLP

exports[`LogOutButton render should render correctly 1`] = `
<View
  style={
    [
      {
        "alignItems": "center",
      },
      {
        "display": "flex",
      },
      {
        "paddingBottom": "6%",
        "paddingTop": "6%",
      },
    ]
  }
>
  <View
    accessible={true}
    collapsable={false}
    focusable={true}
    onClick={[Function]}
    onResponderGrant={[Function]}
    onResponderMove={[Function]}
    onResponderRelease={[Function]}
    onResponderTerminate={[Function]}
    onResponderTerminationRequest={[Function]}
    onStartShouldSetResponder={[Function]}
    style={
      {
        "opacity": 1,
      }
    }
  >
    <View
      style={
        [
          {
            "alignItems": "center",
          },
          {
            "display": "flex",
          },
          {
            "flexDirection": "row",
          },
        ]
      }
    >
      <Text />
      <Text
        style={
          [
            {
              "fontFamily": "Montserrat-Regular",
            },
            {
              "color": "#383838",
            },
            {
              "fontSize": 16,
            },
            [
              {
                "color": "#FF4949",
              },
              {
                "textAlign": "center",
              },
              {
                "fontSize": 18,
                "lineHeight": 28,
              },
              {
                "textDecorationLine": "underline",
              },
              {
                "fontFamily": "Montserrat-Bold",
              },
            ],
          ]
        }
      >
        Sair
      </Text>
    </View>
  </View>
</View>
`;
