// Jest Snapshot v1, https://goo.gl/fbAQLP

exports[`<SectionCard /> renders SectionCard correctly 1`] = `
<View>
  <View
    accessible={true}
    collapsable={false}
    focusable={false}
    onClick={[Function]}
    onResponderGrant={[Function]}
    onResponderMove={[Function]}
    onResponderRelease={[Function]}
    onResponderTerminate={[Function]}
    onResponderTerminationRequest={[Function]}
    onStartShouldSetResponder={[Function]}
    style={
      {
        "backgroundColor": "#F1F9FB",
        "borderBottomColor": "#E4E4E4",
        "borderBottomLeftRadius": 8,
        "borderBottomRightRadius": 8,
        "borderBottomWidth": 1,
        "borderLeftColor": "#E4E4E4",
        "borderLeftWidth": 1,
        "borderRightColor": "#E4E4E4",
        "borderRightWidth": 1,
        "borderTopColor": "#E4E4E4",
        "borderTopLeftRadius": 8,
        "borderTopRightRadius": 8,
        "borderTopWidth": 1,
        "elevation": 8,
        "marginBottom": 15,
        "marginLeft": 18,
        "marginRight": 18,
        "opacity": 1,
        "overflow": "hidden",
        "shadowColor": "rgba(0, 0, 0, 0.1)",
        "shadowOffset": {
          "height": 10,
          "width": 0,
        },
        "shadowOpacity": 1,
        "shadowRadius": 15,
      }
    }
  >
    <View
      style={
        [
          {
            "flexDirection": "row",
          },
          {
            "alignItems": "center",
          },
          {
            "justifyContent": "space-between",
          },
          {
            "paddingLeft": 25,
            "paddingRight": 25,
          },
          {
            "paddingBottom": 15,
            "paddingTop": 15,
          },
        ]
      }
    >
      <View>
        <Text
          style={
            [
              {
                "fontFamily": "Montserrat-Regular",
              },
              {
                "color": "#383838",
              },
              {
                "fontSize": 16,
              },
              [
                {
                  "fontSize": 16,
                },
                {
                  "fontFamily": "Montserrat-Bold",
                },
                {
                  "color": "#383838",
                },
                {
                  "marginBottom": 8,
                },
              ],
            ]
          }
        >
          test section
        </Text>
        <View
          style={
            [
              {
                "flexDirection": "row",
              },
              {
                "alignItems": "center",
              },
            ]
          }
        >
          <Text
            style={
              [
                {
                  "fontFamily": "Montserrat-Regular",
                },
                {
                  "color": "#383838",
                },
                {
                  "fontSize": 16,
                },
                [
                  {
                    "fontSize": 14,
                  },
                  {
                    "fontFamily": "Montserrat-Regular",
                  },
                  {
                    "color": "#383838",
                  },
                ],
              ]
            }
          >
            /
            0
             
            Não iniciado
          </Text>
          <View
            style={
              [
                {
                  "marginLeft": 8,
                },
              ]
            }
          />
        </View>
      </View>
      <Text
        allowFontScaling={false}
        selectable={false}
        style={
          [
            {
              "color": "gray",
              "fontSize": 25,
            },
            undefined,
            {
              "fontFamily": "material-community",
              "fontStyle": "normal",
              "fontWeight": "normal",
            },
            {},
          ]
        }
        testID="chevron-right"
      >
        󰅂
      </Text>
    </View>
  </View>
</View>
`;
